// Jest Snapshot v1, https://goo.gl/fbAQLP

exports[`the post panel renders correctly 1`] = `
ShallowWrapper {
  "complexSelector": ComplexSelector {
    "buildPredicate": [Function],
    "childrenOfNode": [Function],
    "findWhereUnwrapped": [Function],
  },
  "length": 1,
  "node": <div>
    <Panel
        bsClass="panel"
        bsStyle="default"
        defaultExpanded={false}
        header={<h2 />}
    >
        <Post
            body=""
            data-test="post"
            name=""
        />
        <Accordion
            activeKey=""
            onSelect={[Function]}
        >
            <Panel
                bsClass="panel"
                bsStyle="default"
                defaultExpanded={false}
                eventKey="1"
                header={
                    <p>
                        <FontAwesome
                            name="caret-square-o-right"
                        />
                          
                        View Comments
                    </p>
                }
            >
                <Col
                    bsClass="col"
                    componentClass="div"
                    md={10}
                    mdOffset={2}
                >
                    <p>
                        There are no comments for this post.
                    </p>
                </Col>
            </Panel>
        </Accordion>
    </Panel>
</div>,
  "nodes": Array [
    <div>
      <Panel
            bsClass="panel"
            bsStyle="default"
            defaultExpanded={false}
            header={<h2 />}
      >
            <Post
                  body=""
                  data-test="post"
                  name=""
            />
            <Accordion
                  activeKey=""
                  onSelect={[Function]}
            >
                  <Panel
                        bsClass="panel"
                        bsStyle="default"
                        defaultExpanded={false}
                        eventKey="1"
                        header={
                              <p>
                                    <FontAwesome
                                          name="caret-square-o-right"
                                    />
                                      
                                    View Comments
                              </p>
                        }
                  >
                        <Col
                              bsClass="col"
                              componentClass="div"
                              md={10}
                              mdOffset={2}
                        >
                              <p>
                                    There are no comments for this post.
                              </p>
                        </Col>
                  </Panel>
            </Accordion>
      </Panel>
</div>,
  ],
  "options": Object {},
  "renderer": ReactShallowRenderer {
    "_instance": ShallowComponentWrapper {
      "_calledComponentWillUnmount": false,
      "_compositeType": 0,
      "_context": Object {},
      "_currentElement": <PostPanel
        auth={
                Object {
                        "isLoggedIn": false,
                      }
        }
        body=""
        comments={Array []}
        name=""
        title=""
/>,
      "_debugID": 1,
      "_hostContainerInfo": null,
      "_hostParent": null,
      "_instance": PostPanel {
        "_reactInternalInstance": [Circular],
        "context": Object {},
        "handleCommentSubmit": [Function],
        "handleToggle": [Function],
        "props": Object {
          "auth": Object {
            "isLoggedIn": false,
          },
          "body": "",
          "comments": Array [],
          "name": "",
          "title": "",
        },
        "refs": Object {},
        "state": Object {
          "activeKey": "",
          "bodyInput": "",
          "commentIcon": "caret-square-o-right",
          "commentView": "View Comments",
          "commentsVisible": false,
        },
        "updater": Object {
          "enqueueCallback": [Function],
          "enqueueCallbackInternal": [Function],
          "enqueueElementInternal": [Function],
          "enqueueForceUpdate": [Function],
          "enqueueReplaceState": [Function],
          "enqueueSetState": [Function],
          "isMounted": [Function],
          "validateCallback": [Function],
        },
      },
      "_mountOrder": 1,
      "_pendingCallbacks": null,
      "_pendingElement": null,
      "_pendingForceUpdate": false,
      "_pendingReplaceState": false,
      "_pendingStateQueue": null,
      "_renderedComponent": NoopInternalComponent {
        "_currentElement": <div>
          <Panel
                    bsClass="panel"
                    bsStyle="default"
                    defaultExpanded={false}
                    header={<h2 />}
          >
                    <Post
                              body=""
                              data-test="post"
                              name=""
                    />
                    <Accordion
                              activeKey=""
                              onSelect={[Function]}
                    >
                              <Panel
                                        bsClass="panel"
                                        bsStyle="default"
                                        defaultExpanded={false}
                                        eventKey="1"
                                        header={
                                                  <p>
                                                            <FontAwesome
                                                                      name="caret-square-o-right"
                                                            />
                                                              
                                                            View Comments
                                                  </p>
                                        }
                              >
                                        <Col
                                                  bsClass="col"
                                                  componentClass="div"
                                                  md={10}
                                                  mdOffset={2}
                                        >
                                                  <p>
                                                            There are no comments for this post.
                                                  </p>
                                        </Col>
                              </Panel>
                    </Accordion>
          </Panel>
</div>,
        "_debugID": 2,
        "_renderedOutput": <div>
          <Panel
                    bsClass="panel"
                    bsStyle="default"
                    defaultExpanded={false}
                    header={<h2 />}
          >
                    <Post
                              body=""
                              data-test="post"
                              name=""
                    />
                    <Accordion
                              activeKey=""
                              onSelect={[Function]}
                    >
                              <Panel
                                        bsClass="panel"
                                        bsStyle="default"
                                        defaultExpanded={false}
                                        eventKey="1"
                                        header={
                                                  <p>
                                                            <FontAwesome
                                                                      name="caret-square-o-right"
                                                            />
                                                              
                                                            View Comments
                                                  </p>
                                        }
                              >
                                        <Col
                                                  bsClass="col"
                                                  componentClass="div"
                                                  md={10}
                                                  mdOffset={2}
                                        >
                                                  <p>
                                                            There are no comments for this post.
                                                  </p>
                                        </Col>
                              </Panel>
                    </Accordion>
          </Panel>
</div>,
      },
      "_renderedNodeType": 0,
      "_rootNodeID": 0,
      "_topLevelWrapper": null,
      "_updateBatchNumber": null,
      "_warnedAboutRefsInRender": false,
    },
    "getRenderOutput": [Function],
    "render": [Function],
  },
  "root": [Circular],
  "unrendered": <PostPanel
    auth={
        Object {
            "isLoggedIn": false,
          }
    }
    body=""
    comments={Array []}
    name=""
    title=""
/>,
}
`;
