// Jest Snapshot v1, https://goo.gl/fbAQLP

exports[`the comment component renders with defaults 1`] = `
initialize {
  "0": Object {
    "attribs": Object {},
    "children": Array [
      Object {
        "attribs": Object {},
        "children": Array [
          Object {
            "attribs": Object {
              "data-test": "name",
            },
            "children": Array [
              Object {
                "data": "by ",
                "next": null,
                "parent": [Circular],
                "prev": null,
                "type": "text",
              },
            ],
            "name": "h5",
            "next": Object {
              "attribs": Object {
                "data-test": "body",
              },
              "children": Array [],
              "name": "p",
              "next": null,
              "parent": [Circular],
              "prev": [Circular],
              "type": "tag",
            },
            "parent": [Circular],
            "prev": null,
            "type": "tag",
          },
          Object {
            "attribs": Object {
              "data-test": "body",
            },
            "children": Array [],
            "name": "p",
            "next": null,
            "parent": [Circular],
            "prev": Object {
              "attribs": Object {
                "data-test": "name",
              },
              "children": Array [
                Object {
                  "data": "by ",
                  "next": null,
                  "parent": [Circular],
                  "prev": null,
                  "type": "text",
                },
              ],
              "name": "h5",
              "next": [Circular],
              "parent": [Circular],
              "prev": null,
              "type": "tag",
            },
            "type": "tag",
          },
        ],
        "name": "div",
        "next": null,
        "parent": null,
        "prev": null,
        "root": [Circular],
        "type": "tag",
      },
    ],
    "name": "root",
    "next": null,
    "parent": null,
    "prev": null,
    "type": "root",
  },
  "_root": [Circular],
  "length": 1,
  "options": Object {
    "decodeEntities": true,
    "normalizeWhitespace": false,
    "withDomLvl1": true,
    "xmlMode": false,
  },
}
`;
